------------------------------------------------------------
Timing Analyzer Summary
------------------------------------------------------------

Type  : Slow 1100mV 85C Model Setup 'clk'
Slack : 17.347
TNS   : 0.000

Type  : Slow 1100mV 85C Model Hold 'clk'
Slack : 0.230
TNS   : 0.000

Type  : Slow 1100mV 85C Model Minimum Pulse Width 'clk'
Slack : 9.401
TNS   : 0.000

Type  : Slow 1100mV 0C Model Setup 'clk'
Slack : 17.274
TNS   : 0.000

Type  : Slow 1100mV 0C Model Hold 'clk'
Slack : 0.220
TNS   : 0.000

Type  : Slow 1100mV 0C Model Minimum Pulse Width 'clk'
Slack : 9.331
TNS   : 0.000

Type  : Fast 1100mV 85C Model Setup 'clk'
Slack : 18.468
TNS   : 0.000

Type  : Fast 1100mV 85C Model Hold 'clk'
Slack : 0.131
TNS   : 0.000

Type  : Fast 1100mV 85C Model Minimum Pulse Width 'clk'
Slack : 9.411
TNS   : 0.000

Type  : Fast 1100mV 0C Model Setup 'clk'
Slack : 18.523
TNS   : 0.000

Type  : Fast 1100mV 0C Model Hold 'clk'
Slack : 0.121
TNS   : 0.000

Type  : Fast 1100mV 0C Model Minimum Pulse Width 'clk'
Slack : 9.413
TNS   : 0.000

------------------------------------------------------------
