------------------------------------------------------------
Timing Analyzer Summary
------------------------------------------------------------

Type  : Slow 1100mV 85C Model Setup 'uut1|dcm_altera_inst|altera_pll_i|general[0].gpll~PLL_OUTPUT_COUNTER|divclk'
Slack : 0.875
TNS   : 0.000

Type  : Slow 1100mV 85C Model Hold 'uut1|dcm_altera_inst|altera_pll_i|general[0].gpll~PLL_OUTPUT_COUNTER|divclk'
Slack : 0.381
TNS   : 0.000

Type  : Slow 1100mV 85C Model Minimum Pulse Width 'uut1|dcm_altera_inst|altera_pll_i|general[0].gpll~FRACTIONAL_PLL|vcoph[0]'
Slack : 0.647
TNS   : 0.000

Type  : Slow 1100mV 85C Model Minimum Pulse Width 'uut1|dcm_altera_inst|altera_pll_i|general[0].gpll~PLL_OUTPUT_COUNTER|divclk'
Slack : 1.871
TNS   : 0.000

Type  : Slow 1100mV 85C Model Minimum Pulse Width 'sys_clk_in'
Slack : 9.900
TNS   : 0.000

Type  : Slow 1100mV 0C Model Setup 'uut1|dcm_altera_inst|altera_pll_i|general[0].gpll~PLL_OUTPUT_COUNTER|divclk'
Slack : 0.964
TNS   : 0.000

Type  : Slow 1100mV 0C Model Hold 'uut1|dcm_altera_inst|altera_pll_i|general[0].gpll~PLL_OUTPUT_COUNTER|divclk'
Slack : 0.389
TNS   : 0.000

Type  : Slow 1100mV 0C Model Minimum Pulse Width 'uut1|dcm_altera_inst|altera_pll_i|general[0].gpll~FRACTIONAL_PLL|vcoph[0]'
Slack : 0.647
TNS   : 0.000

Type  : Slow 1100mV 0C Model Minimum Pulse Width 'uut1|dcm_altera_inst|altera_pll_i|general[0].gpll~PLL_OUTPUT_COUNTER|divclk'
Slack : 1.825
TNS   : 0.000

Type  : Slow 1100mV 0C Model Minimum Pulse Width 'sys_clk_in'
Slack : 9.926
TNS   : 0.000

Type  : Fast 1100mV 85C Model Setup 'uut1|dcm_altera_inst|altera_pll_i|general[0].gpll~PLL_OUTPUT_COUNTER|divclk'
Slack : 2.812
TNS   : 0.000

Type  : Fast 1100mV 85C Model Hold 'uut1|dcm_altera_inst|altera_pll_i|general[0].gpll~PLL_OUTPUT_COUNTER|divclk'
Slack : 0.181
TNS   : 0.000

Type  : Fast 1100mV 85C Model Minimum Pulse Width 'uut1|dcm_altera_inst|altera_pll_i|general[0].gpll~FRACTIONAL_PLL|vcoph[0]'
Slack : 0.647
TNS   : 0.000

Type  : Fast 1100mV 85C Model Minimum Pulse Width 'uut1|dcm_altera_inst|altera_pll_i|general[0].gpll~PLL_OUTPUT_COUNTER|divclk'
Slack : 2.135
TNS   : 0.000

Type  : Fast 1100mV 85C Model Minimum Pulse Width 'sys_clk_in'
Slack : 9.643
TNS   : 0.000

Type  : Fast 1100mV 0C Model Setup 'uut1|dcm_altera_inst|altera_pll_i|general[0].gpll~PLL_OUTPUT_COUNTER|divclk'
Slack : 2.999
TNS   : 0.000

Type  : Fast 1100mV 0C Model Hold 'uut1|dcm_altera_inst|altera_pll_i|general[0].gpll~PLL_OUTPUT_COUNTER|divclk'
Slack : 0.175
TNS   : 0.000

Type  : Fast 1100mV 0C Model Minimum Pulse Width 'uut1|dcm_altera_inst|altera_pll_i|general[0].gpll~FRACTIONAL_PLL|vcoph[0]'
Slack : 0.647
TNS   : 0.000

Type  : Fast 1100mV 0C Model Minimum Pulse Width 'uut1|dcm_altera_inst|altera_pll_i|general[0].gpll~PLL_OUTPUT_COUNTER|divclk'
Slack : 2.122
TNS   : 0.000

Type  : Fast 1100mV 0C Model Minimum Pulse Width 'sys_clk_in'
Slack : 9.632
TNS   : 0.000

------------------------------------------------------------
